---
http_interactions:
- request:
    method: get
    uri: http://www.mapquestapi.com/directions/v2/route?from=Denver&key=D1W96vpjcjhrfUAs2j5VM72LizjADOc5&to=Pueblo&transportMode=AUTO
    body:
      encoding: US-ASCII
      string: ''
    headers:
      User-Agent:
      - Faraday v1.3.0
      Accept-Encoding:
      - gzip;q=1.0,deflate;q=0.6,identity;q=0.3
      Accept:
      - "*/*"
  response:
    status:
      code: 200
      message: OK
    headers:
      Date:
      - Tue, 19 Jan 2021 18:40:32 GMT
      Content-Type:
      - application/json;charset=UTF-8
      Transfer-Encoding:
      - chunked
      Server:
      - Apache-Coyote/1.1
      Set-Cookie:
      - JSESSIONID=FB1F0C4CB51E53ED56728FFC2037B953; Path=/directions; HttpOnly
      Expires:
      - Mon, 20 Dec 1998 01:00:00 GMT
      Last-Modified:
      - Tue, 19 Jan 2021 18:40:32 GMT
      Cache-Control:
      - no-cache, must-revalidate
      Pragma:
      - no-cache
      Access-Control-Allow-Origin:
      - "*"
      Access-Control-Allow-Methods:
      - OPTIONS,GET,POST
      Status:
      - success
      Transactionweight:
      - '1'
    body:
      encoding: UTF-8
      string: '{"route":{"hasTollRoad":false,"hasBridge":true,"boundingBox":{"lr":{"lng":-104.605087,"lat":38.265427},"ul":{"lng":-104.98761,"lat":39.738453}},"distance":111.38,"hasTimedRestriction":false,"hasTunnel":false,"hasHighway":true,"computedWaypoints":[],"routeError":{"errorCode":-400,"message":""},"formattedTime":"01:44:22","sessionId":"600727a0-0108-5f21-02b4-3305-0612945562af","hasAccessRestriction":false,"realTime":6726,"hasSeasonalClosure":false,"hasCountryCross":false,"fuelUsed":5.5,"legs":[{"hasTollRoad":false,"hasBridge":true,"destNarrative":"Proceed
        to PUEBLO, CO.","distance":111.38,"hasTimedRestriction":false,"hasTunnel":false,"hasHighway":true,"index":0,"formattedTime":"01:44:22","origIndex":2,"hasAccessRestriction":false,"hasSeasonalClosure":false,"hasCountryCross":false,"roadGradeStrategy":[[]],"destIndex":5,"time":6262,"hasUnpaved":false,"origNarrative":"Go
        south on N Broadway.","maneuvers":[{"distance":0.109,"streets":["N Sherman
        St"],"narrative":"Start out going south on N Sherman St toward E 13th Ave.","turnType":0,"startPoint":{"lng":-104.984856,"lat":39.738453},"index":0,"formattedTime":"00:00:33","directionName":"South","maneuverNotes":[],"linkIds":[],"signs":[],"mapUrl":"http://www.mapquestapi.com/staticmap/v5/map?key=D1W96vpjcjhrfUAs2j5VM72LizjADOc5&size=225,160&locations=39.73845291137695,-104.98485565185547|marker-1||39.73687744140625,-104.9848403930664|marker-2||&center=39.7376651763916,-104.98484802246094&defaultMarker=none&zoom=13&rand=2062056694&session=600727a0-0108-5f21-02b4-3305-0612945562af","transportMode":"AUTO","attributes":0,"time":33,"iconUrl":"http://content.mqcdn.com/mqsite/turnsigns/icon-dirs-start_sm.gif","direction":4},{"distance":0.135,"streets":["E
        13th Ave"],"narrative":"Turn right onto E 13th Ave.","turnType":2,"startPoint":{"lng":-104.98484,"lat":39.736877},"index":1,"formattedTime":"00:00:22","directionName":"West","maneuverNotes":[],"linkIds":[],"signs":[],"mapUrl":"http://www.mapquestapi.com/staticmap/v5/map?key=D1W96vpjcjhrfUAs2j5VM72LizjADOc5&size=225,160&locations=39.73687744140625,-104.9848403930664|marker-2||39.73686981201172,-104.98737335205078|marker-3||&center=39.736873626708984,-104.9861068725586&defaultMarker=none&zoom=13&rand=2062056694&session=600727a0-0108-5f21-02b4-3305-0612945562af","transportMode":"AUTO","attributes":0,"time":22,"iconUrl":"http://content.mqcdn.com/mqsite/turnsigns/rs_right_sm.gif","direction":7},{"distance":2.485,"streets":["N
        Broadway"],"narrative":"Turn left onto N Broadway.","turnType":6,"startPoint":{"lng":-104.987373,"lat":39.73687},"index":2,"formattedTime":"00:06:00","directionName":"South","maneuverNotes":[],"linkIds":[],"signs":[],"mapUrl":"http://www.mapquestapi.com/staticmap/v5/map?key=D1W96vpjcjhrfUAs2j5VM72LizjADOc5&size=225,160&locations=39.73686981201172,-104.98737335205078|marker-3||39.70085144042969,-104.98760986328125|marker-4||&center=39.7188606262207,-104.98749160766602&defaultMarker=none&zoom=8&rand=2062056694&session=600727a0-0108-5f21-02b4-3305-0612945562af","transportMode":"AUTO","attributes":1024,"time":360,"iconUrl":"http://content.mqcdn.com/mqsite/turnsigns/rs_left_sm.gif","direction":4},{"distance":0.014,"streets":[],"narrative":"Turn
        left to take the I-25 S ramp toward Colo Spgs.","turnType":13,"startPoint":{"lng":-104.98761,"lat":39.700851},"index":3,"formattedTime":"00:00:07","directionName":"Southeast","maneuverNotes":[],"linkIds":[],"signs":[],"mapUrl":"http://www.mapquestapi.com/staticmap/v5/map?key=D1W96vpjcjhrfUAs2j5VM72LizjADOc5&size=225,160&locations=39.70085144042969,-104.98760986328125|marker-4||39.70073318481445,-104.98739624023438|marker-5||&center=39.70079231262207,-104.98750305175781&defaultMarker=none&zoom=15&rand=2062056694&session=600727a0-0108-5f21-02b4-3305-0612945562af","transportMode":"AUTO","attributes":0,"time":7,"iconUrl":"http://content.mqcdn.com/mqsite/turnsigns/rs_ramp_sm.gif","direction":5},{"distance":108.048,"streets":["I-25
        S"],"narrative":"Merge onto I-25 S.","turnType":10,"startPoint":{"lng":-104.987396,"lat":39.700733},"index":4,"formattedTime":"01:35:56","directionName":"South","maneuverNotes":[],"linkIds":[],"signs":[{"extraText":"","text":"25","type":1,"url":"http://icons.mqcdn.com/icons/rs1.png?n=25&d=SOUTH","direction":4}],"mapUrl":"http://www.mapquestapi.com/staticmap/v5/map?key=D1W96vpjcjhrfUAs2j5VM72LizjADOc5&size=225,160&locations=39.70073318481445,-104.98739624023438|marker-5||38.27111053466797,-104.60508728027344|marker-6||&center=38.98592185974121,-104.7962417602539&defaultMarker=none&zoom=3&rand=2062056694&session=600727a0-0108-5f21-02b4-3305-0612945562af","transportMode":"AUTO","attributes":1152,"time":5756,"iconUrl":"http://content.mqcdn.com/mqsite/turnsigns/rs_merge_right_sm.gif","direction":4},{"distance":0.221,"streets":[],"narrative":"Take
        the 1st Street exit, EXIT 98B.","turnType":14,"startPoint":{"lng":-104.605087,"lat":38.271111},"index":5,"formattedTime":"00:00:25","directionName":"South","maneuverNotes":[],"linkIds":[],"signs":[{"extraText":"","text":"98B","type":1001,"url":"http://icons.mqcdn.com/icons/rs1001.png?n=98B&d=RIGHT","direction":0}],"mapUrl":"http://www.mapquestapi.com/staticmap/v5/map?key=D1W96vpjcjhrfUAs2j5VM72LizjADOc5&size=225,160&locations=38.27111053466797,-104.60508728027344|marker-6||38.26797103881836,-104.6056137084961|marker-7||&center=38.269540786743164,-104.60535049438477&defaultMarker=none&zoom=11&rand=2062056694&session=600727a0-0108-5f21-02b4-3305-0612945562af","transportMode":"AUTO","attributes":1024,"time":25,"iconUrl":"http://content.mqcdn.com/mqsite/turnsigns/rs_gr_exitright_sm.gif","direction":4},{"distance":0.078,"streets":["E
        1st St"],"narrative":"Turn right onto E 1st St.","turnType":2,"startPoint":{"lng":-104.605614,"lat":38.267971},"index":6,"formattedTime":"00:00:17","directionName":"West","maneuverNotes":[],"linkIds":[],"signs":[],"mapUrl":"http://www.mapquestapi.com/staticmap/v5/map?key=D1W96vpjcjhrfUAs2j5VM72LizjADOc5&size=225,160&locations=38.26797103881836,-104.6056137084961|marker-7||38.267940521240234,-104.60704803466797|marker-8||&center=38.2679557800293,-104.60633087158203&defaultMarker=none&zoom=15&rand=2062056694&session=600727a0-0108-5f21-02b4-3305-0612945562af","transportMode":"AUTO","attributes":0,"time":17,"iconUrl":"http://content.mqcdn.com/mqsite/turnsigns/rs_right_sm.gif","direction":7},{"distance":0.079,"streets":["W
        City Center Dr"],"narrative":"E 1st St becomes W City Center Dr.","turnType":0,"startPoint":{"lng":-104.607048,"lat":38.267941},"index":7,"formattedTime":"00:00:17","directionName":"West","maneuverNotes":[],"linkIds":[],"signs":[],"mapUrl":"http://www.mapquestapi.com/staticmap/v5/map?key=D1W96vpjcjhrfUAs2j5VM72LizjADOc5&size=225,160&locations=38.267940521240234,-104.60704803466797|marker-8||38.267913818359375,-104.60850524902344|marker-9||&center=38.267927169799805,-104.6077766418457&defaultMarker=none&zoom=15&rand=2062056694&session=600727a0-0108-5f21-02b4-3305-0612945562af","transportMode":"AUTO","attributes":0,"time":17,"iconUrl":"http://content.mqcdn.com/mqsite/turnsigns/rs_straight_sm.gif","direction":7},{"distance":0.211,"streets":["Central
        Main St"],"narrative":"Turn left onto Central Main St.","turnType":6,"startPoint":{"lng":-104.608505,"lat":38.267914},"index":8,"formattedTime":"00:00:25","directionName":"Southwest","maneuverNotes":[],"linkIds":[],"signs":[],"mapUrl":"http://www.mapquestapi.com/staticmap/v5/map?key=D1W96vpjcjhrfUAs2j5VM72LizjADOc5&size=225,160&locations=38.267913818359375,-104.60850524902344|marker-9||38.26542663574219,-104.61041259765625|marker-10||&center=38.26667022705078,-104.60945892333984&defaultMarker=none&zoom=12&rand=2062056694&session=600727a0-0108-5f21-02b4-3305-0612945562af","transportMode":"AUTO","attributes":0,"time":25,"iconUrl":"http://content.mqcdn.com/mqsite/turnsigns/rs_left_sm.gif","direction":6},{"distance":0,"streets":[],"narrative":"Welcome
        to PUEBLO, CO.","turnType":-1,"startPoint":{"lng":-104.610413,"lat":38.265427},"index":9,"formattedTime":"00:00:00","directionName":"","maneuverNotes":[],"linkIds":[],"signs":[],"transportMode":"AUTO","attributes":0,"time":0,"iconUrl":"http://content.mqcdn.com/mqsite/turnsigns/icon-dirs-end_sm.gif","direction":0}],"hasFerry":false}],"options":{"arteryWeights":[],"cyclingRoadFactor":1,"timeType":0,"useTraffic":false,"returnLinkDirections":false,"countryBoundaryDisplay":true,"enhancedNarrative":false,"locale":"en_US","tryAvoidLinkIds":[],"drivingStyle":2,"doReverseGeocode":true,"generalize":-1,"mustAvoidLinkIds":[],"sideOfStreetDisplay":true,"routeType":"FASTEST","avoidTimedConditions":false,"routeNumber":0,"shapeFormat":"raw","maxWalkingDistance":-1,"destinationManeuverDisplay":true,"transferPenalty":-1,"narrativeType":"text","walkingSpeed":-1,"urbanAvoidFactor":-1,"stateBoundaryDisplay":true,"unit":"M","highwayEfficiency":22,"maxLinkId":0,"maneuverPenalty":-1,"avoidTripIds":[],"filterZoneFactor":-1,"manmaps":"true"},"locations":[{"dragPoint":false,"displayLatLng":{"lng":-104.984856,"lat":39.738453},"adminArea4":"Denver
        County","adminArea5":"Denver","postalCode":"","adminArea1":"US","adminArea3":"CO","type":"s","sideOfStreet":"N","geocodeQualityCode":"A5XAX","adminArea4Type":"County","linkId":40287819,"street":"","adminArea5Type":"City","geocodeQuality":"CITY","adminArea1Type":"Country","adminArea3Type":"State","latLng":{"lng":-104.984853,"lat":39.738453}},{"dragPoint":false,"displayLatLng":{"lng":-104.610413,"lat":38.265427},"adminArea4":"Pueblo
        County","adminArea5":"Pueblo","postalCode":"","adminArea1":"US","adminArea3":"CO","type":"s","sideOfStreet":"N","geocodeQualityCode":"A5XAX","adminArea4Type":"County","linkId":54760889,"street":"","adminArea5Type":"City","geocodeQuality":"CITY","adminArea1Type":"Country","adminArea3Type":"State","latLng":{"lng":-104.610415,"lat":38.265425}}],"time":6262,"hasUnpaved":false,"locationSequence":[0,1],"hasFerry":false},"info":{"statuscode":0,"copyright":{"imageAltText":"©
        2020 MapQuest, Inc.","imageUrl":"http://api.mqcdn.com/res/mqlogo.gif","text":"©
        2020 MapQuest, Inc."},"messages":[]}}'
  recorded_at: Tue, 19 Jan 2021 18:40:32 GMT
- request:
    method: get
    uri: http://www.mapquestapi.com/geocoding/v1/address?key=D1W96vpjcjhrfUAs2j5VM72LizjADOc5&location=Pueblo
    body:
      encoding: US-ASCII
      string: ''
    headers:
      User-Agent:
      - Faraday v1.3.0
      Accept-Encoding:
      - gzip;q=1.0,deflate;q=0.6,identity;q=0.3
      Accept:
      - "*/*"
  response:
    status:
      code: 200
      message: OK
    headers:
      Date:
      - Tue, 19 Jan 2021 18:40:32 GMT
      Content-Type:
      - application/json;charset=UTF-8
      Content-Length:
      - '8067'
      Access-Control-Allow-Methods:
      - OPTIONS,GET,POST
      Access-Control-Allow-Origin:
      - "*"
      Cache-Control:
      - no-cache, must-revalidate
      Expires:
      - Mon, 20 Dec 1998 01:00:00 GMT
      Geocodetransactioncount:
      - '1'
      Last-Modified:
      - Tue, 19 Jan 2021 18:40:32 GMT
      Pragma:
      - no-cache
      Reversegeocodetransactioncount:
      - '0'
      Server:
      - Apache-Coyote/1.1
      Set-Cookie:
      - JSESSIONID=344FDA9D283B4968DC193635B8791999; Path=/; HttpOnly
      Status:
      - success
      Transactionweight:
      - '1.0'
    body:
      encoding: UTF-8
      string: '{"info":{"statuscode":0,"copyright":{"text":"\u00A9 2021 MapQuest,
        Inc.","imageUrl":"http://api.mqcdn.com/res/mqlogo.gif","imageAltText":"\u00A9
        2021 MapQuest, Inc."},"messages":[]},"options":{"maxResults":-1,"thumbMaps":true,"ignoreLatLngInput":false},"results":[{"providedLocation":{"location":"Pueblo"},"locations":[{"street":"","adminArea6":"","adminArea6Type":"Neighborhood","adminArea5":"Pueblo","adminArea5Type":"City","adminArea4":"Pueblo
        County","adminArea4Type":"County","adminArea3":"CO","adminArea3Type":"State","adminArea1":"US","adminArea1Type":"Country","postalCode":"","geocodeQualityCode":"A5XAX","geocodeQuality":"CITY","dragPoint":false,"sideOfStreet":"N","linkId":"282040865","unknownInput":"","type":"s","latLng":{"lat":38.265425,"lng":-104.610415},"displayLatLng":{"lat":38.265425,"lng":-104.610415},"mapUrl":"http://www.mapquestapi.com/staticmap/v5/map?key=D1W96vpjcjhrfUAs2j5VM72LizjADOc5&type=map&size=225,160&locations=38.265425,-104.610415|marker-sm-50318A-1&scalebar=true&zoom=12&rand=1414536639"},{"street":"","adminArea6":"","adminArea6Type":"Neighborhood","adminArea5":"Conciliaci\u00F3n","adminArea5Type":"City","adminArea4":"","adminArea4Type":"County","adminArea3":"MONTEVIDEO","adminArea3Type":"State","adminArea1":"UY","adminArea1Type":"Country","postalCode":"","geocodeQualityCode":"A5XAX","geocodeQuality":"CITY","dragPoint":false,"sideOfStreet":"N","linkId":"362377187","unknownInput":"","type":"s","latLng":{"lat":-34.833302,"lng":-56.233299},"displayLatLng":{"lat":-34.833302,"lng":-56.233299},"mapUrl":"http://www.mapquestapi.com/staticmap/v5/map?key=D1W96vpjcjhrfUAs2j5VM72LizjADOc5&type=map&size=225,160&locations=-34.833302,-56.233299|marker-sm-50318A-2&scalebar=true&zoom=12&rand=-1924989735"},{"street":"","adminArea6":"","adminArea6Type":"Neighborhood","adminArea5":"Pueblo","adminArea5Type":"City","adminArea4":"Wayne
        County","adminArea4Type":"County","adminArea3":"KY","adminArea3Type":"State","adminArea1":"US","adminArea1Type":"Country","postalCode":"","geocodeQualityCode":"A5XAX","geocodeQuality":"CITY","dragPoint":false,"sideOfStreet":"N","linkId":"282920346","unknownInput":"","type":"s","latLng":{"lat":36.8097,"lng":-84.708298},"displayLatLng":{"lat":36.8097,"lng":-84.708298},"mapUrl":"http://www.mapquestapi.com/staticmap/v5/map?key=D1W96vpjcjhrfUAs2j5VM72LizjADOc5&type=map&size=225,160&locations=36.8097,-84.708298|marker-sm-50318A-3&scalebar=true&zoom=12&rand=1988503419"},{"street":"","adminArea6":"","adminArea6Type":"Neighborhood","adminArea5":"","adminArea5Type":"City","adminArea4":"Pueblo
        County","adminArea4Type":"County","adminArea3":"CO","adminArea3Type":"State","adminArea1":"US","adminArea1Type":"Country","postalCode":"","geocodeQualityCode":"A4XAX","geocodeQuality":"COUNTY","dragPoint":false,"sideOfStreet":"N","linkId":"282932014","unknownInput":"","type":"s","latLng":{"lat":38.265425,"lng":-104.610415},"displayLatLng":{"lat":38.265425,"lng":-104.610415},"mapUrl":"http://www.mapquestapi.com/staticmap/v5/map?key=D1W96vpjcjhrfUAs2j5VM72LizjADOc5&type=map&size=225,160&locations=38.265425,-104.610415|marker-sm-50318A-4&scalebar=true&zoom=9&rand=1467279002"},{"street":"","adminArea6":"","adminArea6Type":"Neighborhood","adminArea5":"Pueblo","adminArea5Type":"City","adminArea4":"Spencer
        County","adminArea4Type":"County","adminArea3":"IN","adminArea3Type":"State","adminArea1":"US","adminArea1Type":"Country","postalCode":"","geocodeQualityCode":"A5XAX","geocodeQuality":"CITY","dragPoint":false,"sideOfStreet":"N","linkId":"283465615","unknownInput":"","type":"s","latLng":{"lat":37.826099,"lng":-87.110298},"displayLatLng":{"lat":37.826099,"lng":-87.110298},"mapUrl":"http://www.mapquestapi.com/staticmap/v5/map?key=D1W96vpjcjhrfUAs2j5VM72LizjADOc5&type=map&size=225,160&locations=37.826099,-87.110298|marker-sm-50318A-5&scalebar=true&zoom=12&rand=-1066023569"},{"street":"","adminArea6":"","adminArea6Type":"Neighborhood","adminArea5":"Pueblo","adminArea5Type":"City","adminArea4":"Moca
        Municipality","adminArea4Type":"County","adminArea3":"PR","adminArea3Type":"State","adminArea1":"US","adminArea1Type":"Country","postalCode":"","geocodeQualityCode":"A5XAX","geocodeQuality":"CITY","dragPoint":false,"sideOfStreet":"N","linkId":"364545046","unknownInput":"","type":"s","latLng":{"lat":18.392641,"lng":-67.112576},"displayLatLng":{"lat":18.392641,"lng":-67.112576},"mapUrl":"http://www.mapquestapi.com/staticmap/v5/map?key=D1W96vpjcjhrfUAs2j5VM72LizjADOc5&type=map&size=225,160&locations=18.392641,-67.112576|marker-sm-50318A-6&scalebar=true&zoom=12&rand=1872686634"},{"street":"","adminArea6":"","adminArea6Type":"Neighborhood","adminArea5":"Pueblo","adminArea5Type":"City","adminArea4":"San
        Juan Municipality","adminArea4Type":"County","adminArea3":"PR","adminArea3Type":"State","adminArea1":"US","adminArea1Type":"Country","postalCode":"","geocodeQualityCode":"A5XAX","geocodeQuality":"CITY","dragPoint":false,"sideOfStreet":"N","linkId":"364403061","unknownInput":"","type":"s","latLng":{"lat":18.396585,"lng":-66.048516},"displayLatLng":{"lat":18.396585,"lng":-66.048516},"mapUrl":"http://www.mapquestapi.com/staticmap/v5/map?key=D1W96vpjcjhrfUAs2j5VM72LizjADOc5&type=map&size=225,160&locations=18.396585,-66.048516|marker-sm-50318A-7&scalebar=true&zoom=12&rand=-652839184"},{"street":"","adminArea6":"","adminArea6Type":"Neighborhood","adminArea5":"Pueblo","adminArea5Type":"City","adminArea4":"Rinc\u00F3n","adminArea4Type":"County","adminArea3":"PR","adminArea3Type":"State","adminArea1":"US","adminArea1Type":"Country","postalCode":"","geocodeQualityCode":"A5XAX","geocodeQuality":"CITY","dragPoint":false,"sideOfStreet":"N","linkId":"364402989","unknownInput":"","type":"s","latLng":{"lat":18.33171,"lng":-67.23803},"displayLatLng":{"lat":18.33171,"lng":-67.23803},"mapUrl":"http://www.mapquestapi.com/staticmap/v5/map?key=D1W96vpjcjhrfUAs2j5VM72LizjADOc5&type=map&size=225,160&locations=18.33171,-67.23803|marker-sm-50318A-8&scalebar=true&zoom=12&rand=35233225"},{"street":"","adminArea6":"","adminArea6Type":"Neighborhood","adminArea5":"Pueblo","adminArea5Type":"City","adminArea4":"Lares
        Municipality","adminArea4Type":"County","adminArea3":"PR","adminArea3Type":"State","adminArea1":"US","adminArea1Type":"Country","postalCode":"","geocodeQualityCode":"A5XAX","geocodeQuality":"CITY","dragPoint":false,"sideOfStreet":"N","linkId":"364402616","unknownInput":"","type":"s","latLng":{"lat":18.303499,"lng":-66.892354},"displayLatLng":{"lat":18.303499,"lng":-66.892354},"mapUrl":"http://www.mapquestapi.com/staticmap/v5/map?key=D1W96vpjcjhrfUAs2j5VM72LizjADOc5&type=map&size=225,160&locations=18.303499,-66.892354|marker-sm-50318A-9&scalebar=true&zoom=12&rand=-1955480444"},{"street":"","adminArea6":"","adminArea6Type":"Neighborhood","adminArea5":"Pueblo","adminArea5Type":"City","adminArea4":"Corozal","adminArea4Type":"County","adminArea3":"PR","adminArea3Type":"State","adminArea1":"US","adminArea1Type":"Country","postalCode":"","geocodeQualityCode":"A5XAX","geocodeQuality":"CITY","dragPoint":false,"sideOfStreet":"N","linkId":"364402399","unknownInput":"","type":"s","latLng":{"lat":18.342437,"lng":-66.312788},"displayLatLng":{"lat":18.342437,"lng":-66.312788},"mapUrl":"http://www.mapquestapi.com/staticmap/v5/map?key=D1W96vpjcjhrfUAs2j5VM72LizjADOc5&type=map&size=225,160&locations=18.342437,-66.312788|marker-sm-50318A-10&scalebar=true&zoom=12&rand=-1539415669"},{"street":"","adminArea6":"","adminArea6Type":"Neighborhood","adminArea5":"Pueblo","adminArea5Type":"City","adminArea4":"","adminArea4Type":"County","adminArea3":"NM","adminArea3Type":"State","adminArea1":"US","adminArea1Type":"Country","postalCode":"","geocodeQualityCode":"A5XAX","geocodeQuality":"CITY","dragPoint":false,"sideOfStreet":"N","linkId":"282091992","unknownInput":"","type":"s","latLng":{"lat":35.326064,"lng":-105.429334},"displayLatLng":{"lat":35.326064,"lng":-105.429334},"mapUrl":"http://www.mapquestapi.com/staticmap/v5/map?key=D1W96vpjcjhrfUAs2j5VM72LizjADOc5&type=map&size=225,160&locations=35.326064,-105.429334|marker-sm-50318A-11&scalebar=true&zoom=12&rand=2090921557"}]}]}'
  recorded_at: Tue, 19 Jan 2021 18:40:32 GMT
- request:
    method: get
    uri: http://api.openweathermap.org/data/2.5/onecall?appid=90b7b46942482cad09acd0411e6fd039&lat=38.265425&lon=-104.610415&units=imperial
    body:
      encoding: US-ASCII
      string: ''
    headers:
      User-Agent:
      - Faraday v1.3.0
      Accept-Encoding:
      - gzip;q=1.0,deflate;q=0.6,identity;q=0.3
      Accept:
      - "*/*"
  response:
    status:
      code: 200
      message: OK
    headers:
      Server:
      - openresty
      Date:
      - Tue, 19 Jan 2021 18:40:32 GMT
      Content-Type:
      - application/json; charset=utf-8
      Content-Length:
      - '15919'
      Connection:
      - keep-alive
      X-Cache-Key:
      - "/data/2.5/onecall?lat=38.27&lon=-104.61&units=imperial"
      Access-Control-Allow-Origin:
      - "*"
      Access-Control-Allow-Credentials:
      - 'true'
      Access-Control-Allow-Methods:
      - GET, POST
    body:
      encoding: UTF-8
      string: '{"lat":38.2654,"lon":-104.6104,"timezone":"America/Denver","timezone_offset":-25200,"current":{"dt":1611081632,"sunrise":1611065519,"sunset":1611101172,"temp":31.87,"feels_like":24.1,"pressure":1032,"humidity":74,"dew_point":25.38,"uvi":2.19,"clouds":1,"visibility":10000,"wind_speed":5.75,"wind_deg":210,"weather":[{"id":500,"main":"Rain","description":"light
        rain","icon":"10d"}],"rain":{"1h":0.25}},"hourly":[{"dt":1611079200,"temp":31.87,"feels_like":25.77,"pressure":1032,"humidity":74,"dew_point":25.38,"uvi":1.8,"clouds":1,"visibility":10000,"wind_speed":2.8,"wind_deg":276,"weather":[{"id":800,"main":"Clear","description":"clear
        sky","icon":"01d"}],"pop":0.33},{"dt":1611082800,"temp":31.6,"feels_like":25.9,"pressure":1032,"humidity":82,"dew_point":27.32,"uvi":2.19,"clouds":49,"visibility":10000,"wind_speed":2.53,"wind_deg":199,"weather":[{"id":802,"main":"Clouds","description":"scattered
        clouds","icon":"03d"}],"pop":0.08},{"dt":1611086400,"temp":32.9,"feels_like":26.31,"pressure":1031,"humidity":84,"dew_point":28.99,"uvi":1.95,"clouds":49,"visibility":10000,"wind_speed":4.52,"wind_deg":182,"weather":[{"id":802,"main":"Clouds","description":"scattered
        clouds","icon":"03d"}],"pop":0.08},{"dt":1611090000,"temp":34.29,"feels_like":26.69,"pressure":1030,"humidity":82,"dew_point":29.68,"uvi":1.34,"clouds":40,"visibility":10000,"wind_speed":6.49,"wind_deg":195,"weather":[{"id":802,"main":"Clouds","description":"scattered
        clouds","icon":"03d"}],"pop":0.04},{"dt":1611093600,"temp":35.02,"feels_like":27.14,"pressure":1029,"humidity":81,"dew_point":30.06,"uvi":0.73,"clouds":44,"visibility":10000,"wind_speed":7.11,"wind_deg":192,"weather":[{"id":802,"main":"Clouds","description":"scattered
        clouds","icon":"03d"}],"pop":0},{"dt":1611097200,"temp":35.08,"feels_like":27.81,"pressure":1028,"humidity":81,"dew_point":24.3,"uvi":0.22,"clouds":44,"visibility":10000,"wind_speed":6.04,"wind_deg":176,"weather":[{"id":802,"main":"Clouds","description":"scattered
        clouds","icon":"03d"}],"pop":0},{"dt":1611100800,"temp":32.14,"feels_like":26.55,"pressure":1029,"humidity":91,"dew_point":23.85,"uvi":0,"clouds":37,"visibility":10000,"wind_speed":3.04,"wind_deg":151,"weather":[{"id":802,"main":"Clouds","description":"scattered
        clouds","icon":"03d"}],"pop":0},{"dt":1611104400,"temp":30.92,"feels_like":25.48,"pressure":1031,"humidity":92,"dew_point":23.47,"uvi":0,"clouds":0,"visibility":10000,"wind_speed":2.55,"wind_deg":174,"weather":[{"id":800,"main":"Clear","description":"clear
        sky","icon":"01n"}],"pop":0},{"dt":1611108000,"temp":29.84,"feels_like":24.26,"pressure":1031,"humidity":93,"dew_point":22.96,"uvi":0,"clouds":0,"visibility":10000,"wind_speed":2.59,"wind_deg":178,"weather":[{"id":800,"main":"Clear","description":"clear
        sky","icon":"01n"}],"pop":0},{"dt":1611111600,"temp":29.35,"feels_like":23.9,"pressure":1031,"humidity":92,"dew_point":22.35,"uvi":0,"clouds":0,"visibility":10000,"wind_speed":2.21,"wind_deg":170,"weather":[{"id":800,"main":"Clear","description":"clear
        sky","icon":"01n"}],"pop":0},{"dt":1611115200,"temp":28.8,"feels_like":23.81,"pressure":1031,"humidity":92,"dew_point":21.85,"uvi":0,"clouds":0,"visibility":10000,"wind_speed":1.28,"wind_deg":183,"weather":[{"id":800,"main":"Clear","description":"clear
        sky","icon":"01n"}],"pop":0},{"dt":1611118800,"temp":28.13,"feels_like":23.22,"pressure":1031,"humidity":92,"dew_point":21.33,"uvi":0,"clouds":0,"visibility":10000,"wind_speed":1.01,"wind_deg":203,"weather":[{"id":800,"main":"Clear","description":"clear
        sky","icon":"01n"}],"pop":0},{"dt":1611122400,"temp":27.61,"feels_like":22.24,"pressure":1030,"humidity":92,"dew_point":20.88,"uvi":0,"clouds":0,"visibility":10000,"wind_speed":1.7,"wind_deg":211,"weather":[{"id":800,"main":"Clear","description":"clear
        sky","icon":"01n"}],"pop":0},{"dt":1611126000,"temp":28,"feels_like":21.7,"pressure":1030,"humidity":92,"dew_point":20.82,"uvi":0,"clouds":0,"visibility":10000,"wind_speed":3.44,"wind_deg":219,"weather":[{"id":800,"main":"Clear","description":"clear
        sky","icon":"01n"}],"pop":0},{"dt":1611129600,"temp":28.02,"feels_like":21.38,"pressure":1029,"humidity":92,"dew_point":20.52,"uvi":0,"clouds":0,"visibility":10000,"wind_speed":4.05,"wind_deg":238,"weather":[{"id":800,"main":"Clear","description":"clear
        sky","icon":"01n"}],"pop":0},{"dt":1611133200,"temp":28.08,"feels_like":21.06,"pressure":1027,"humidity":91,"dew_point":19.6,"uvi":0,"clouds":0,"visibility":10000,"wind_speed":4.68,"wind_deg":280,"weather":[{"id":800,"main":"Clear","description":"clear
        sky","icon":"01n"}],"pop":0},{"dt":1611136800,"temp":28.71,"feels_like":21.47,"pressure":1026,"humidity":89,"dew_point":18.54,"uvi":0,"clouds":0,"visibility":10000,"wind_speed":5.08,"wind_deg":236,"weather":[{"id":800,"main":"Clear","description":"clear
        sky","icon":"01n"}],"pop":0},{"dt":1611140400,"temp":29.23,"feels_like":21.34,"pressure":1025,"humidity":88,"dew_point":18.01,"uvi":0,"clouds":0,"visibility":10000,"wind_speed":6.29,"wind_deg":267,"weather":[{"id":800,"main":"Clear","description":"clear
        sky","icon":"01n"}],"pop":0},{"dt":1611144000,"temp":30.15,"feels_like":21.43,"pressure":1025,"humidity":87,"dew_point":17.83,"uvi":0,"clouds":0,"visibility":10000,"wind_speed":7.87,"wind_deg":267,"weather":[{"id":800,"main":"Clear","description":"clear
        sky","icon":"01n"}],"pop":0},{"dt":1611147600,"temp":30.6,"feels_like":22.14,"pressure":1024,"humidity":87,"dew_point":17.94,"uvi":0,"clouds":0,"visibility":10000,"wind_speed":7.54,"wind_deg":264,"weather":[{"id":800,"main":"Clear","description":"clear
        sky","icon":"01n"}],"pop":0},{"dt":1611151200,"temp":31.55,"feels_like":22.48,"pressure":1023,"humidity":86,"dew_point":18.46,"uvi":0,"clouds":0,"visibility":10000,"wind_speed":8.77,"wind_deg":269,"weather":[{"id":800,"main":"Clear","description":"clear
        sky","icon":"01n"}],"pop":0},{"dt":1611154800,"temp":34.18,"feels_like":23.9,"pressure":1023,"humidity":80,"dew_point":19.4,"uvi":0.23,"clouds":0,"visibility":10000,"wind_speed":11.1,"wind_deg":282,"weather":[{"id":800,"main":"Clear","description":"clear
        sky","icon":"01d"}],"pop":0},{"dt":1611158400,"temp":38.95,"feels_like":27.05,"pressure":1020,"humidity":68,"dew_point":21.45,"uvi":0.74,"clouds":0,"visibility":10000,"wind_speed":14.12,"wind_deg":288,"weather":[{"id":800,"main":"Clear","description":"clear
        sky","icon":"01d"}],"pop":0},{"dt":1611162000,"temp":43.11,"feels_like":30.54,"pressure":1018,"humidity":59,"dew_point":23.54,"uvi":1.44,"clouds":0,"visibility":10000,"wind_speed":15.41,"wind_deg":285,"weather":[{"id":800,"main":"Clear","description":"clear
        sky","icon":"01d"}],"pop":0},{"dt":1611165600,"temp":46.62,"feels_like":35.73,"pressure":1017,"humidity":53,"dew_point":25.95,"uvi":2.08,"clouds":0,"visibility":10000,"wind_speed":12.59,"wind_deg":275,"weather":[{"id":800,"main":"Clear","description":"clear
        sky","icon":"01d"}],"pop":0},{"dt":1611169200,"temp":49.1,"feels_like":39.67,"pressure":1015,"humidity":49,"dew_point":27.3,"uvi":2.3,"clouds":0,"visibility":10000,"wind_speed":10.09,"wind_deg":273,"weather":[{"id":800,"main":"Clear","description":"clear
        sky","icon":"01d"}],"pop":0},{"dt":1611172800,"temp":51.28,"feels_like":43.16,"pressure":1013,"humidity":45,"dew_point":27.97,"uvi":2.04,"clouds":0,"visibility":10000,"wind_speed":7.72,"wind_deg":269,"weather":[{"id":800,"main":"Clear","description":"clear
        sky","icon":"01d"}],"pop":0},{"dt":1611176400,"temp":52.56,"feels_like":44.85,"pressure":1012,"humidity":43,"dew_point":28.96,"uvi":1.42,"clouds":0,"visibility":10000,"wind_speed":7,"wind_deg":240,"weather":[{"id":800,"main":"Clear","description":"clear
        sky","icon":"01d"}],"pop":0},{"dt":1611180000,"temp":52.38,"feels_like":44.51,"pressure":1012,"humidity":44,"dew_point":30.43,"uvi":0.72,"clouds":0,"visibility":10000,"wind_speed":7.38,"wind_deg":222,"weather":[{"id":800,"main":"Clear","description":"clear
        sky","icon":"01d"}],"pop":0},{"dt":1611183600,"temp":49.44,"feels_like":42.22,"pressure":1012,"humidity":50,"dew_point":31.23,"uvi":0.22,"clouds":0,"visibility":10000,"wind_speed":6.38,"wind_deg":231,"weather":[{"id":800,"main":"Clear","description":"clear
        sky","icon":"01d"}],"pop":0},{"dt":1611187200,"temp":44.26,"feels_like":36.68,"pressure":1013,"humidity":60,"dew_point":28.96,"uvi":0,"clouds":0,"visibility":10000,"wind_speed":6.91,"wind_deg":238,"weather":[{"id":800,"main":"Clear","description":"clear
        sky","icon":"01d"}],"pop":0},{"dt":1611190800,"temp":41.88,"feels_like":34.07,"pressure":1015,"humidity":64,"dew_point":27.34,"uvi":0,"clouds":0,"visibility":10000,"wind_speed":7.18,"wind_deg":259,"weather":[{"id":800,"main":"Clear","description":"clear
        sky","icon":"01n"}],"pop":0},{"dt":1611194400,"temp":40.14,"feels_like":31.87,"pressure":1015,"humidity":68,"dew_point":25.81,"uvi":0,"clouds":0,"visibility":10000,"wind_speed":7.92,"wind_deg":279,"weather":[{"id":800,"main":"Clear","description":"clear
        sky","icon":"01n"}],"pop":0},{"dt":1611198000,"temp":38.98,"feels_like":30.22,"pressure":1016,"humidity":70,"dew_point":24.37,"uvi":0,"clouds":0,"visibility":10000,"wind_speed":8.72,"wind_deg":286,"weather":[{"id":800,"main":"Clear","description":"clear
        sky","icon":"01n"}],"pop":0},{"dt":1611201600,"temp":37.98,"feels_like":29.1,"pressure":1017,"humidity":72,"dew_point":23.43,"uvi":0,"clouds":0,"visibility":10000,"wind_speed":8.86,"wind_deg":283,"weather":[{"id":800,"main":"Clear","description":"clear
        sky","icon":"01n"}],"pop":0},{"dt":1611205200,"temp":37.35,"feels_like":28.58,"pressure":1017,"humidity":73,"dew_point":23.02,"uvi":0,"clouds":0,"visibility":10000,"wind_speed":8.61,"wind_deg":283,"weather":[{"id":800,"main":"Clear","description":"clear
        sky","icon":"01n"}],"pop":0},{"dt":1611208800,"temp":37.78,"feels_like":27.9,"pressure":1017,"humidity":72,"dew_point":22.64,"uvi":0,"clouds":0,"visibility":10000,"wind_speed":10.58,"wind_deg":283,"weather":[{"id":800,"main":"Clear","description":"clear
        sky","icon":"01n"}],"pop":0},{"dt":1611212400,"temp":37.62,"feels_like":27.79,"pressure":1018,"humidity":72,"dew_point":22.55,"uvi":0,"clouds":0,"visibility":10000,"wind_speed":10.47,"wind_deg":281,"weather":[{"id":800,"main":"Clear","description":"clear
        sky","icon":"01n"}],"pop":0},{"dt":1611216000,"temp":37.38,"feels_like":26.74,"pressure":1017,"humidity":73,"dew_point":22.24,"uvi":0,"clouds":0,"visibility":10000,"wind_speed":11.92,"wind_deg":283,"weather":[{"id":800,"main":"Clear","description":"clear
        sky","icon":"01n"}],"pop":0},{"dt":1611219600,"temp":36.66,"feels_like":26.74,"pressure":1017,"humidity":74,"dew_point":22.1,"uvi":0,"clouds":0,"visibility":10000,"wind_speed":10.56,"wind_deg":278,"weather":[{"id":800,"main":"Clear","description":"clear
        sky","icon":"01n"}],"pop":0},{"dt":1611223200,"temp":37.04,"feels_like":26.11,"pressure":1017,"humidity":73,"dew_point":21.78,"uvi":0,"clouds":0,"visibility":10000,"wind_speed":12.35,"wind_deg":283,"weather":[{"id":800,"main":"Clear","description":"clear
        sky","icon":"01n"}],"pop":0},{"dt":1611226800,"temp":37.17,"feels_like":25.32,"pressure":1017,"humidity":73,"dew_point":21.56,"uvi":0,"clouds":0,"visibility":10000,"wind_speed":14.03,"wind_deg":286,"weather":[{"id":800,"main":"Clear","description":"clear
        sky","icon":"01n"}],"pop":0},{"dt":1611230400,"temp":37.11,"feels_like":24.62,"pressure":1017,"humidity":73,"dew_point":21.4,"uvi":0,"clouds":0,"visibility":10000,"wind_speed":15.17,"wind_deg":280,"weather":[{"id":800,"main":"Clear","description":"clear
        sky","icon":"01n"}],"pop":0},{"dt":1611234000,"temp":36.75,"feels_like":24.19,"pressure":1017,"humidity":74,"dew_point":21.33,"uvi":0,"clouds":0,"visibility":10000,"wind_speed":15.28,"wind_deg":286,"weather":[{"id":800,"main":"Clear","description":"clear
        sky","icon":"01n"}],"pop":0},{"dt":1611237600,"temp":35.8,"feels_like":24.71,"pressure":1017,"humidity":76,"dew_point":21.09,"uvi":0,"clouds":0,"visibility":10000,"wind_speed":12.59,"wind_deg":288,"weather":[{"id":800,"main":"Clear","description":"clear
        sky","icon":"01n"}],"pop":0},{"dt":1611241200,"temp":37.36,"feels_like":24.58,"pressure":1018,"humidity":72,"dew_point":21,"uvi":0.22,"clouds":0,"visibility":10000,"wind_speed":15.64,"wind_deg":301,"weather":[{"id":800,"main":"Clear","description":"clear
        sky","icon":"01d"}],"pop":0},{"dt":1611244800,"temp":41.83,"feels_like":30.22,"pressure":1017,"humidity":61,"dew_point":21.87,"uvi":0.73,"clouds":0,"visibility":10000,"wind_speed":13.62,"wind_deg":307,"weather":[{"id":800,"main":"Clear","description":"clear
        sky","icon":"01d"}],"pop":0},{"dt":1611248400,"temp":44.89,"feels_like":34.29,"pressure":1015,"humidity":54,"dew_point":21.96,"uvi":1.42,"clouds":0,"visibility":10000,"wind_speed":11.81,"wind_deg":323,"weather":[{"id":800,"main":"Clear","description":"clear
        sky","icon":"01d"}],"pop":0}],"daily":[{"dt":1611082800,"sunrise":1611065519,"sunset":1611101172,"temp":{"day":31.6,"min":27.5,"max":35.08,"night":27.61,"eve":30.92,"morn":27.59},"feels_like":{"day":25.9,"night":22.24,"eve":25.48,"morn":22.33},"pressure":1032,"humidity":82,"dew_point":27.32,"wind_speed":2.53,"wind_deg":199,"weather":[{"id":601,"main":"Snow","description":"snow","icon":"13d"}],"clouds":49,"pop":0.76,"snow":2.75,"uvi":2.19},{"dt":1611169200,"sunrise":1611151889,"sunset":1611187638,"temp":{"day":49.1,"min":28,"max":52.56,"night":37.78,"eve":41.88,"morn":30.6},"feels_like":{"day":39.67,"night":27.9,"eve":34.07,"morn":22.14},"pressure":1015,"humidity":49,"dew_point":27.3,"wind_speed":10.09,"wind_deg":273,"weather":[{"id":800,"main":"Clear","description":"clear
        sky","icon":"01d"}],"clouds":0,"pop":0,"uvi":2.3},{"dt":1611255600,"sunrise":1611238257,"sunset":1611274104,"temp":{"day":48.72,"min":34.99,"max":49.64,"night":34.99,"eve":40.66,"morn":36.75},"feels_like":{"day":42.12,"night":28.47,"eve":33.8,"morn":24.19},"pressure":1013,"humidity":46,"dew_point":21.72,"wind_speed":4.61,"wind_deg":93,"weather":[{"id":803,"main":"Clouds","description":"broken
        clouds","icon":"04d"}],"clouds":54,"pop":0,"uvi":2.48},{"dt":1611342000,"sunrise":1611324624,"sunset":1611360571,"temp":{"day":37.85,"min":28.42,"max":43.65,"night":33.73,"eve":39.87,"morn":28.42},"feels_like":{"day":33.15,"night":28.53,"eve":33.69,"morn":22.46},"pressure":1013,"humidity":70,"dew_point":20.73,"wind_speed":1.25,"wind_deg":132,"weather":[{"id":802,"main":"Clouds","description":"scattered
        clouds","icon":"03d"}],"clouds":41,"pop":0,"uvi":2.33},{"dt":1611428400,"sunrise":1611410988,"sunset":1611447038,"temp":{"day":49.01,"min":32.59,"max":53.15,"night":32.59,"eve":43.38,"morn":33.04},"feels_like":{"day":42.4,"night":25.43,"eve":33.08,"morn":26.92},"pressure":1007,"humidity":46,"dew_point":21.9,"wind_speed":4.68,"wind_deg":275,"weather":[{"id":803,"main":"Clouds","description":"broken
        clouds","icon":"04d"}],"clouds":78,"pop":0.04,"uvi":2.37},{"dt":1611514800,"sunrise":1611497351,"sunset":1611533506,"temp":{"day":35.13,"min":30.2,"max":40.24,"night":34.09,"eve":38.53,"morn":30.83},"feels_like":{"day":28.24,"night":29.91,"eve":30.88,"morn":23.99},"pressure":1008,"humidity":83,"dew_point":25.92,"wind_speed":5.53,"wind_deg":120,"weather":[{"id":600,"main":"Snow","description":"light
        snow","icon":"13d"}],"clouds":92,"pop":0.39,"snow":0.54,"uvi":3},{"dt":1611601200,"sunrise":1611583712,"sunset":1611619974,"temp":{"day":42.01,"min":29.37,"max":44.4,"night":30.74,"eve":39.06,"morn":29.37},"feels_like":{"day":32.2,"night":25.54,"eve":34.03,"morn":23.36},"pressure":1006,"humidity":53,"dew_point":11.97,"wind_speed":9.71,"wind_deg":284,"weather":[{"id":800,"main":"Clear","description":"clear
        sky","icon":"01d"}],"clouds":0,"pop":0,"uvi":3},{"dt":1611687600,"sunrise":1611670071,"sunset":1611706442,"temp":{"day":40.12,"min":27.59,"max":40.12,"night":27.59,"eve":34.88,"morn":27.9},"feels_like":{"day":22.3,"night":14.7,"eve":14.5,"morn":21.87},"pressure":1003,"humidity":55,"dew_point":8.92,"wind_speed":23.73,"wind_deg":287,"weather":[{"id":801,"main":"Clouds","description":"few
        clouds","icon":"02d"}],"clouds":18,"pop":0,"uvi":3}]}'
  recorded_at: Tue, 19 Jan 2021 18:40:33 GMT
recorded_with: VCR 6.0.0
