---
http_interactions:
- request:
    method: get
    uri: http://www.mapquestapi.com/directions/v2/route?from=Denver,%20CO&key=D1W96vpjcjhrfUAs2j5VM72LizjADOc5&to=&transportMode=AUTO
    body:
      encoding: US-ASCII
      string: ''
    headers:
      User-Agent:
      - Faraday v1.3.0
      Accept-Encoding:
      - gzip;q=1.0,deflate;q=0.6,identity;q=0.3
      Accept:
      - "*/*"
  response:
    status:
      code: 200
      message: OK
    headers:
      Date:
      - Mon, 18 Jan 2021 19:25:21 GMT
      Content-Type:
      - application/json;charset=UTF-8
      Content-Length:
      - '272'
      Server:
      - Apache-Coyote/1.1
      Set-Cookie:
      - JSESSIONID=07E2692773ABD8EE8B0AEA444DC84FDA; Path=/directions; HttpOnly
      Expires:
      - Mon, 20 Dec 1998 01:00:00 GMT
      Last-Modified:
      - Mon, 18 Jan 2021 19:25:21 GMT
      Cache-Control:
      - no-cache, must-revalidate
      Pragma:
      - no-cache
      Access-Control-Allow-Origin:
      - "*"
      Access-Control-Allow-Methods:
      - OPTIONS,GET,POST
      Status:
      - success
      Transactionweight:
      - '1'
    body:
      encoding: UTF-8
      string: '{"route":{"routeError":{"errorCode":211,"message":""}},"info":{"statuscode":611,"copyright":{"imageAltText":"©
        2020 MapQuest, Inc.","imageUrl":"http://api.mqcdn.com/res/mqlogo.gif","text":"©
        2020 MapQuest, Inc."},"messages":["At least two locations must be provided."]}}'
  recorded_at: Mon, 18 Jan 2021 19:25:21 GMT
- request:
    method: get
    uri: http://www.mapquestapi.com/geocoding/v1/address?key=D1W96vpjcjhrfUAs2j5VM72LizjADOc5&location=
    body:
      encoding: US-ASCII
      string: ''
    headers:
      User-Agent:
      - Faraday v1.3.0
      Accept-Encoding:
      - gzip;q=1.0,deflate;q=0.6,identity;q=0.3
      Accept:
      - "*/*"
  response:
    status:
      code: 200
      message: OK
    headers:
      Date:
      - Mon, 18 Jan 2021 19:25:21 GMT
      Content-Type:
      - application/json;charset=UTF-8
      Content-Length:
      - '382'
      Access-Control-Allow-Methods:
      - OPTIONS,GET,POST
      Access-Control-Allow-Origin:
      - "*"
      Cache-Control:
      - no-cache, must-revalidate
      Expires:
      - Mon, 20 Dec 1998 01:00:00 GMT
      Geocodetransactioncount:
      - '0'
      Last-Modified:
      - Mon, 18 Jan 2021 19:25:21 GMT
      Pragma:
      - no-cache
      Reversegeocodetransactioncount:
      - '0'
      Server:
      - Apache-Coyote/1.1
      Set-Cookie:
      - JSESSIONID=CB4439DA95D81FAB114EEC57A66D88F2; Path=/; HttpOnly
      Status:
      - success
      Transactionweight:
      - '0.0'
    body:
      encoding: UTF-8
      string: '{"info":{"statuscode":400,"copyright":{"text":"\u00A9 2021 MapQuest,
        Inc.","imageUrl":"http://api.mqcdn.com/res/mqlogo.gif","imageAltText":"\u00A9
        2021 MapQuest, Inc."},"messages":["Illegal argument from request: Insufficient
        info for location"]},"options":{"maxResults":-1,"thumbMaps":true,"ignoreLatLngInput":false},"results":[{"providedLocation":{"location":""},"locations":[]}]}'
  recorded_at: Mon, 18 Jan 2021 19:25:21 GMT
- request:
    method: get
    uri: http://api.openweathermap.org/data/2.5/onecall?appid=90b7b46942482cad09acd0411e6fd039&lat&lon&units=imperial
    body:
      encoding: US-ASCII
      string: ''
    headers:
      User-Agent:
      - Faraday v1.3.0
      Accept-Encoding:
      - gzip;q=1.0,deflate;q=0.6,identity;q=0.3
      Accept:
      - "*/*"
  response:
    status:
      code: 400
      message: Bad Request
    headers:
      Server:
      - openresty
      Date:
      - Mon, 18 Jan 2021 19:25:22 GMT
      Content-Type:
      - application/json; charset=utf-8
      Content-Length:
      - '44'
      Connection:
      - keep-alive
      X-Cache-Key:
      - "/data/2.5/onecall?lat=&lon=&units=imperial"
      Access-Control-Allow-Origin:
      - "*"
      Access-Control-Allow-Credentials:
      - 'true'
      Access-Control-Allow-Methods:
      - GET, POST
    body:
      encoding: UTF-8
      string: '{"cod":"400","message":"Nothing to geocode"}'
  recorded_at: Mon, 18 Jan 2021 19:25:22 GMT
recorded_with: VCR 6.0.0
